DigitalOut.h:15:3:DigitalOut::DigitalOut(char, int)	32	static
DigitalOut.h:26:8:void DigitalOut::toggle()	16	static
DigitalIn.h:15:3:DigitalIn::DigitalIn(char, int)	32	static
DigitalInOut.h:15:3:DigitalInOut::DigitalInOut(char, int)	32	static
dht11.c:10:13:void dht11_gpio_config_output()	32	static
dht11.c:23:13:void dht11_gpio_config_input()	32	static
dht11.c:36:13:void dht11_gpio_output_set()	8	static
dht11.c:41:13:void dht11_gpio_output_clear()	8	static
dht11.c:46:12:int dht11_gpio_input_read()	8	static
dht11.c:53:13:void dht11_delay_usec(uint16_t)	16	static
dht11.c:59:16:dht11_status_t read_dht11_sensor(uint16_t*, uint16_t*)	40	static
main.cpp:23:5:int main()	96	static
main.cpp:56:6:void HAL_GPIO_EXTI_Callback(uint16_t)	16	static
main.cpp:68:6:void SystemClock_Config()	136	static
main.cpp:116:13:void MX_NVIC_Init()	8	static
main.cpp:128:13:void MX_TIM6_Init()	16	static
main.cpp:166:13:void MX_USART2_UART_Init()	8	static
main.cpp:197:13:void MX_GPIO_Init()	48	static
main.cpp:264:6:void Error_Handler()	8	static
cmath:415:5:constexpr typename __gnu_cxx::__promote_2<_Tp, _Up>::__type std::pow(_Tp, _Up) [with _Tp = int; _Up = int]	24	static
main.cpp:270:1:void __static_initialization_and_destruction_0(int, int)	16	static
main.cpp:270:1:cpp)	8	static
